```
192:RAID mixassio$ vagrant ssh
[vagrant@otuslinux ~]$ pwd
/home/vagrant
[vagrant@otuslinux ~]$ ls
[vagrant@otuslinux ~]$ cd /vagrant/
[vagrant@otuslinux vagrant]$ ls
sata1.vdi  sata2.vdi  sata3.vdi  sata4.vdi  sata5.vdi  Vagrantfile
[vagrant@otuslinux vagrant]$
```

```
[vagrant@otuslinux vagrant]$ sudo fdisk -l

Disk /dev/sdc: 262 MB, 262144000 bytes, 512000 sectors
Units = sectors of 1 * 512 = 512 bytes
Sector size (logical/physical): 512 bytes / 512 bytes
I/O size (minimum/optimal): 512 bytes / 512 bytes


Disk /dev/sde: 262 MB, 262144000 bytes, 512000 sectors
Units = sectors of 1 * 512 = 512 bytes
Sector size (logical/physical): 512 bytes / 512 bytes
I/O size (minimum/optimal): 512 bytes / 512 bytes


Disk /dev/sdd: 262 MB, 262144000 bytes, 512000 sectors
Units = sectors of 1 * 512 = 512 bytes
Sector size (logical/physical): 512 bytes / 512 bytes
I/O size (minimum/optimal): 512 bytes / 512 bytes


Disk /dev/sdf: 262 MB, 262144000 bytes, 512000 sectors
Units = sectors of 1 * 512 = 512 bytes
Sector size (logical/physical): 512 bytes / 512 bytes
I/O size (minimum/optimal): 512 bytes / 512 bytes


Disk /dev/sdb: 262 MB, 262144000 bytes, 512000 sectors
Units = sectors of 1 * 512 = 512 bytes
Sector size (logical/physical): 512 bytes / 512 bytes
I/O size (minimum/optimal): 512 bytes / 512 bytes


Disk /dev/sda: 42.9 GB, 42949672960 bytes, 83886080 sectors
Units = sectors of 1 * 512 = 512 bytes
Sector size (logical/physical): 512 bytes / 512 bytes
I/O size (minimum/optimal): 512 bytes / 512 bytes
Disk label type: dos
Disk identifier: 0x0009b93d

   Device Boot      Start         End      Blocks   Id  System
/dev/sda1   *        2048    83886079    41942016   83  Linux

[vagrant@otuslinux vagrant]$ lsblk
NAME   MAJ:MIN RM  SIZE RO TYPE MOUNTPOINT
sda      8:0    0   40G  0 disk
└─sda1   8:1    0   40G  0 part /
sdb      8:16   0  250M  0 disk
sdc      8:32   0  250M  0 disk
sdd      8:48   0  250M  0 disk
sde      8:64   0  250M  0 disk
sdf      8:80   0  250M  0 disk

[vagrant@otuslinux vagrant]$ lsscsi
[0:0:0:0]    disk    ATA      VBOX HARDDISK    1.0   /dev/sda
[3:0:0:0]    disk    ATA      VBOX HARDDISK    1.0   /dev/sdb
[4:0:0:0]    disk    ATA      VBOX HARDDISK    1.0   /dev/sdc
[5:0:0:0]    disk    ATA      VBOX HARDDISK    1.0   /dev/sdd
[6:0:0:0]    disk    ATA      VBOX HARDDISK    1.0   /dev/sde
[7:0:0:0]    disk    ATA      VBOX HARDDISK    1.0   /dev/sdf

vagrant@otuslinux vagrant]$ sudo lshw -short | grep disk
/0/100/1.1/0.0.0    /dev/sda   disk        42GB VBOX HARDDISK
/0/100/d/0          /dev/sdb   disk        262MB VBOX HARDDISK
/0/100/d/1          /dev/sdc   disk        262MB VBOX HARDDISK
/0/100/d/2          /dev/sdd   disk        262MB VBOX HARDDISK
/0/100/d/3          /dev/sde   disk        262MB VBOX HARDDISK
/0/100/d/0.0.0      /dev/sdf   disk        262MB VBOX HARDDISK
```

```
vagrant@otuslinux vagrant]$ sudo mdadm --zero-superblock --force /dev/sd{b,c,d,e,f}
mdadm: Unrecognised md component device - /dev/sdb
mdadm: Unrecognised md component device - /dev/sdc
mdadm: Unrecognised md component device - /dev/sdd
mdadm: Unrecognised md component device - /dev/sde
mdadm: Unrecognised md component device - /dev/sdf
```


```
[vagrant@otuslinux vagrant]$ sudo mdadm --create --verbose /dev/md0 -l 6 -n 5 /dev/sd{b,c,d,e,f}
mdadm: layout defaults to left-symmetric
mdadm: layout defaults to left-symmetric
mdadm: chunk size defaults to 512K
mdadm: size set to 253952K
mdadm: Defaulting to version 1.2 metadata
mdadm: array /dev/md0 started.
```

```
[vagrant@otuslinux vagrant]$ cat /proc/mdstat
Personalities : [raid6] [raid5] [raid4]
md0 : active raid6 sdf[4] sde[3] sdd[2] sdc[1] sdb[0]
      761856 blocks super 1.2 level 6, 512k chunk, algorithm 2 [5/5] [UUUUU]

unused devices: <none>
```

```
[vagrant@otuslinux vagrant]$ sudo mdadm -D /dev/md0
/dev/md0:
           Version : 1.2
     Creation Time : Sun Oct 28 19:35:42 2018
        Raid Level : raid6
        Array Size : 761856 (744.00 MiB 780.14 MB)
     Used Dev Size : 253952 (248.00 MiB 260.05 MB)
      Raid Devices : 5
     Total Devices : 5
       Persistence : Superblock is persistent

       Update Time : Sun Oct 28 19:35:44 2018
             State : clean
    Active Devices : 5
   Working Devices : 5
    Failed Devices : 0
     Spare Devices : 0

            Layout : left-symmetric
        Chunk Size : 512K

Consistency Policy : resync

              Name : otuslinux:0  (local to host otuslinux)
              UUID : 1876237e:1f01a703:fbaa613d:2a30d5f6
            Events : 17

    Number   Major   Minor   RaidDevice State
       0       8       16        0      active sync   /dev/sdb
       1       8       32        1      active sync   /dev/sdc
       2       8       48        2      active sync   /dev/sdd
       3       8       64        3      active sync   /dev/sde
       4       8       80        4      active sync   /dev/sdf
```

 Создание конфигурационного файла mdadm.conf

 ```
[vagrant@otuslinux vagrant]$ sudo mdadm --detail --scan --verbose
ARRAY /dev/md0 level=raid6 num-devices=5 metadata=1.2 name=otuslinux:0 UUID=1876237e:1f01a703:fbaa613d:2a30d5f6
   devices=/dev/sdb,/dev/sdc,/dev/sdd,/dev/sde,/dev/sdf
 ```

```
[vagrant@otuslinux mdadm]$ cat /etc/mdadm/mdadm.conf
DEVICE partitions
ARRAY /dev/md0 level=raid6 num-devices=5 metadata=1.2 name=otuslinux:0 UUID=1876237e:1f01a703:fbaa613d:2a30d5f6
```
Broke
```
vagrant@otuslinux mdadm]$ sudo mdadm /dev/md0 --fail /dev/sde
mdadm: set /dev/sde faulty in /dev/md0
[vagrant@otuslinux mdadm]$ cat /proc/mdstat
Personalities : [raid6] [raid5] [raid4]
md0 : active raid6 sdf[4] sde[3](F) sdd[2] sdc[1] sdb[0]
      761856 blocks super 1.2 level 6, 512k chunk, algorithm 2 [5/4] [UUU_U]

unused devices: <none>

[vagrant@otuslinux mdadm]$ sudo mdadm -D /dev/md0
/dev/md0:
           Version : 1.2
     Creation Time : Sun Oct 28 19:35:42 2018
        Raid Level : raid6
        Array Size : 761856 (744.00 MiB 780.14 MB)
     Used Dev Size : 253952 (248.00 MiB 260.05 MB)
      Raid Devices : 5
     Total Devices : 5
       Persistence : Superblock is persistent

       Update Time : Sun Oct 28 19:47:26 2018
             State : clean, degraded
    Active Devices : 4
   Working Devices : 4
    Failed Devices : 1
     Spare Devices : 0

            Layout : left-symmetric
        Chunk Size : 512K

Consistency Policy : resync

              Name : otuslinux:0  (local to host otuslinux)
              UUID : 1876237e:1f01a703:fbaa613d:2a30d5f6
            Events : 19

    Number   Major   Minor   RaidDevice State
       0       8       16        0      active sync   /dev/sdb
       1       8       32        1      active sync   /dev/sdc
       2       8       48        2      active sync   /dev/sdd
       -       0        0        3      removed
       4       8       80        4      active sync   /dev/sdf

       3       8       64        -      faulty   /dev/sde
```


```
[vagrant@otuslinux mdadm]$ sudo mdadm /dev/md0 --remove /dev/sde
mdadm: hot removed /dev/sde from /dev/md0
[vagrant@otuslinux mdadm]$ sudo mdadm /dev/md0 --add /dev/sde
mdadm: added /dev/sde
vagrant@otuslinux mdadm]$ cat /proc/mdstat
Personalities : [raid6] [raid5] [raid4]
md0 : active raid6 sde[5] sdf[4] sdd[2] sdc[1] sdb[0]
      761856 blocks super 1.2 level 6, 512k chunk, algorithm 2 [5/5] [UUUUU]

unused devices: <none>

[vagrant@otuslinux mdadm]$ sudo mdadm -D /dev/md0
/dev/md0:
           Version : 1.2
     Creation Time : Sun Oct 28 19:35:42 2018
        Raid Level : raid6
        Array Size : 761856 (744.00 MiB 780.14 MB)
     Used Dev Size : 253952 (248.00 MiB 260.05 MB)
      Raid Devices : 5
     Total Devices : 5
       Persistence : Superblock is persistent

       Update Time : Sun Oct 28 19:49:44 2018
             State : clean
    Active Devices : 5
   Working Devices : 5
    Failed Devices : 0
     Spare Devices : 0

            Layout : left-symmetric
        Chunk Size : 512K

Consistency Policy : resync

              Name : otuslinux:0  (local to host otuslinux)
              UUID : 1876237e:1f01a703:fbaa613d:2a30d5f6
            Events : 39

    Number   Major   Minor   RaidDevice State
       0       8       16        0      active sync   /dev/sdb
       1       8       32        1      active sync   /dev/sdc
       2       8       48        2      active sync   /dev/sdd
       5       8       64        3      active sync   /dev/sde
       4       8       80        4      active sync   /dev/sdf
```



